// Jest Snapshot v1, https://goo.gl/fbAQLP

exports[`flattenInput should flatten and insert correct separator for less 1`] = `
"/** THIS IS AN AUTOGENERATED FILE **/

@purple-100: #F0F1F4;
@purple-200: #E1E2EA;
@purple-300: #C4C5D4;
@purple-400: #A7A9C1;
@purple-500: #898BA9;
@purple-600: #5B5E7E;
@purple-700: #4B4D68;
@purple-800: #35374A;
@blue-100: #E6F0F7;
@blue-200: #CCE1F0;
@blue-300: #99C3E1;
@blue-400: #4D95CA;
@blue-500: #0168B3;
@green-100: #E9F6F3;
@green-200: #BCE3DC;
@green-300: #90D1C5;
@green-400: #64BFAE;
@green-500: #21A38B;
@green-600: #177261;
@yellow-100: #FFFDF4;
@yellow-200: #FFF5D2;
@yellow-300: #FFEBA5;
@yellow-400: #FFE278;
@yellow-500: #FFCE1E;
@red-100: #FDEDEF;
@red-200: #FBC9CE;
@red-300: #F6949E;
@red-400: #F3707D;
@red-500: #F04C5D;
@red-600: #A83541;
@orange-100: #FFF1EE;
@orange-200: #FDD6CD;
@orange-300: #FDBAAB;
@orange-400: #FC9E8A;
@orange-500: #FA7558;
"
`;

exports[`flattenInput should flatten and insert correct separator for less 2`] = `
"/** THIS IS AN AUTOGENERATED FILE **/

@heading: \\"Greycliff CF\\";
@paragraph: \\"Inter\\";
@preformatted: \\"IBM Plex Mono\\";
"
`;

exports[`flattenInput should flatten and insert correct separator for sass 1`] = `
"/** THIS IS AN AUTOGENERATED FILE **/

$purple-100: #F0F1F4;
$purple-200: #E1E2EA;
$purple-300: #C4C5D4;
$purple-400: #A7A9C1;
$purple-500: #898BA9;
$purple-600: #5B5E7E;
$purple-700: #4B4D68;
$purple-800: #35374A;
$blue-100: #E6F0F7;
$blue-200: #CCE1F0;
$blue-300: #99C3E1;
$blue-400: #4D95CA;
$blue-500: #0168B3;
$green-100: #E9F6F3;
$green-200: #BCE3DC;
$green-300: #90D1C5;
$green-400: #64BFAE;
$green-500: #21A38B;
$green-600: #177261;
$yellow-100: #FFFDF4;
$yellow-200: #FFF5D2;
$yellow-300: #FFEBA5;
$yellow-400: #FFE278;
$yellow-500: #FFCE1E;
$red-100: #FDEDEF;
$red-200: #FBC9CE;
$red-300: #F6949E;
$red-400: #F3707D;
$red-500: #F04C5D;
$red-600: #A83541;
$orange-100: #FFF1EE;
$orange-200: #FDD6CD;
$orange-300: #FDBAAB;
$orange-400: #FC9E8A;
$orange-500: #FA7558;
"
`;

exports[`flattenInput should flatten and insert correct separator for sass 2`] = `
"/** THIS IS AN AUTOGENERATED FILE **/

$heading: \\"Greycliff CF\\";
$paragraph: \\"Inter\\";
$preformatted: \\"IBM Plex Mono\\";
"
`;
